acpi
adler32
affs
afs
ahci
all_video
aout
appleldr
archelp
ata
at_keyboard
backtrace
bfs
bitmap
bitmap_scale
blocklist
boot
bsd
bswap_test
btrfs
bufio
cat
cbfs
cbls
cbmemc
cbtable
cbtime
chain
cmdline_cat_test
cmp
cmp_test
configfile
cpio_be
cpio
cpuid
crc64
cryptodisk
crypto
cs5536
ctz_test
datehook
date
datetime
diskfilter
disk
div
div_test
dm_nv
echo
efifwsetup
efi_gop
efinet
efi_uga
ehci
elf
eval
exfat
exfctest
ext2
extcmd
fat
file
fixvideo
font
fshelp
functional_test
gcry_arcfour
gcry_blowfish
gcry_camellia
gcry_cast5
gcry_crc
gcry_des
gcry_dsa
gcry_idea
gcry_md4
gcry_md5
gcry_rfc2268
gcry_rijndael
gcry_rmd160
gcry_rsa
gcry_seed
gcry_serpent
gcry_sha1
gcry_sha256
gcry_sha512
gcry_tiger
gcry_twofish
gcry_whirlpool
geli
gettext
gfxmenu
gfxterm_background
gfxterm_menu
gfxterm
gptsync
gzio
halt
hashsum
hdparm
hello
help
hexdump
hfs
hfspluscomp
hfsplus
http
iorw
iso9660
jfs
jpeg
keylayouts
keystatus
ldm
legacycfg
legacy_password_test
linux16
linuxefi
linux
loadbios
loadenv
loopback
lsacpi
lsefimmap
lsefi
lsefisystab
lsmmap
ls
lspci
lssal
luks
lvm
lzopio
macbless
macho
mdraid09_be
mdraid09
mdraid1x
memdisk
memrw
minicmd
minix2_be
minix2
minix3_be
minix3
minix_be
minix
mmap
morse
mpi
msdospart
mul_test
multiboot2
multiboot
nativedisk
net
newc
nilfs2
normal
ntfscomp
ntfs
odc
offsetio
ohci
part_acorn
part_amiga
part_apple
part_bsd
part_dfly
part_dvh
part_gpt
part_msdos
part_plan
part_sun
part_sunpc
parttool
password
password_pbkdf2
pata
pbkdf2
pbkdf2_test
pcidump
play
png
priority_queue
probe
procfs
progress
raid5rec
raid6rec
random
read
reboot
regexp
reiserfs
relocator
romfs
scsi
search_fs_file
search_fs_uuid
search_label
search
serial
setjmp
setjmp_test
setpci
sfs
shift_test
signature_test
sleep
sleep_test
spkmodem
squash4
syslinuxcfg
tar
terminal
terminfo
test_blockarg
testload
test
testspeed
tftp
tga
time
trig
tr
true
udf
ufs1_be
ufs1
ufs2
uhci
usb_keyboard
usb
usbms
usbserial_common
usbserial_ftdi
usbserial_pl2303
usbserial_usbdebug
usbtest
verify
video_bochs
video_cirrus
video_colors
video_fb
videoinfo
video
videotest_checksum
videotest
xfs
xnu
xnu_uuid
xnu_uuid_test
xzio
zfscrypt
zfsinfo
zfs
